###############################################################################
#
# IAR ELF Linker V9.10.2.313/W64 for ARM                  26/Aug/2021  23:03:48
# Copyright 2007-2021 IAR Systems AB.
#
#    Output file  =
#        C:\Users\Paula\Desktop\UTFPR\UT2021.1\microcontroladores\MICRO\EK-TM4C1294_SM_IAR8-main\EK-TM4C1294_SM_IAR8-main\Projects\calculadora\Debug\Exe\calculadora.out
#    Map file     =
#        C:\Users\Paula\Desktop\UTFPR\UT2021.1\microcontroladores\MICRO\EK-TM4C1294_SM_IAR8-main\EK-TM4C1294_SM_IAR8-main\Projects\calculadora\Debug\List\calculadora.map
#    Command line =
#        -f
#        C:\Users\Paula\Desktop\UTFPR\UT2021.1\microcontroladores\MICRO\EK-TM4C1294_SM_IAR8-main\EK-TM4C1294_SM_IAR8-main\Projects\calculadora\Debug\Exe\calculadora.out.rsp
#        (C:\Users\Paula\Desktop\UTFPR\UT2021.1\microcontroladores\MICRO\EK-TM4C1294_SM_IAR8-main\EK-TM4C1294_SM_IAR8-main\Projects\calculadora\Debug\Obj\asm.o
#        --no_out_extension -o
#        C:\Users\Paula\Desktop\UTFPR\UT2021.1\microcontroladores\MICRO\EK-TM4C1294_SM_IAR8-main\EK-TM4C1294_SM_IAR8-main\Projects\calculadora\Debug\Exe\calculadora.out
#        --redirect _Printf=_PrintfFullNoMb --redirect _Scanf=_ScanfFullNoMb
#        --map
#        C:\Users\Paula\Desktop\UTFPR\UT2021.1\microcontroladores\MICRO\EK-TM4C1294_SM_IAR8-main\EK-TM4C1294_SM_IAR8-main\Projects\calculadora\Debug\List\calculadora.map
#        --config "C:\Program Files\IAR Systems\Embedded Workbench
#        9.0_2\arm\config\linker\TexasInstruments\TM4C1294NC.icf" --semihosting
#        --no_library_search --entry __iar_program_start --vfe --text_out
#        locale)
#
###############################################################################

*******************************************************************************
*** PLACEMENT SUMMARY
***

"A0":  place at address 0x0 { ro section .intvec };
"P1":  place in [from 0x0 to 0xf'ffff] { ro };
define block CSTACK with size = 32K, alignment = 8 { };
define block HEAP with size = 64K, alignment = 8 { };
"P2":  place in [from 0x2000'0000 to 0x2003'ffff] {
          rw, block CSTACK, block HEAP };

No sections matched the following patterns:

  rw  in "P2"


  Section   Kind         Address    Size  Object
  -------   ----         -------    ----  ------
"A0":                               0x40
  .intvec   ro code          0x0    0x40  asm.o [1]
                          - 0x40    0x40

"P1":                              0x3f8
  .text     ro code         0x40   0x384  asm.o [1]
  .rodata   const          0x3c4    0x71  asm.o [1]
  .text     ro code        0x436     0x2  asm.o [1]
                         - 0x438   0x3f8

"P2":                             0x8000
  CSTACK             0x2000'0000  0x8000  <Block>
    CSTACK  uninit   0x2000'0000  0x8000  <Block tail>
                   - 0x2000'8000  0x8000

Unused ranges:

         From           To      Size
         ----           --      ----
        0x438     0xf'ffff  0xf'fbc8
  0x2000'8000  0x2003'ffff  0x3'8000



*******************************************************************************
*** MODULE SUMMARY
***

    Module          ro code  ro data  rw data
    ------          -------  -------  -------
command line/config:
    -----------------------------------------
    Total:

C:\Users\Paula\Desktop\UTFPR\UT2021.1\microcontroladores\MICRO\EK-TM4C1294_SM_IAR8-main\EK-TM4C1294_SM_IAR8-main\Projects\calculadora\Debug\Obj: [1]
    asm.o               966      113
    -----------------------------------------
    Total:              966      113

    Gaps                  1
    Linker created                     32'768
---------------------------------------------
    Grand Total:        967      113   32'768


*******************************************************************************
*** ENTRY LIST
***

Entry                    Address  Size  Type      Object
-----                    -------  ----  ----      ------
CSTACK$$Base         0x2000'0000         --   Gb  - Linker created -
CSTACK$$Limit        0x2000'8000         --   Gb  - Linker created -
__iar_program_start         0x41        Code  Gb  asm.o [1]
__vector_table               0x0        Data  Gb  asm.o [1]


[1] = C:\Users\Paula\Desktop\UTFPR\UT2021.1\microcontroladores\MICRO\EK-TM4C1294_SM_IAR8-main\EK-TM4C1294_SM_IAR8-main\Projects\calculadora\Debug\Obj

     967 bytes of readonly  code memory
     113 bytes of readonly  data memory
  32'768 bytes of readwrite data memory

Errors: none
Warnings: none
